// Jest Snapshot v1, https://goo.gl/fbAQLP

exports[`Pomodoro Component can handle pomodoro event 1`] = `
<div>
  <glamorous.Div
    position="absolute"
    right="0"
    top="0"
  >
    <Link
      onlyActiveOnIndex={false}
      style={Object {}}
      to="/hue-config"
    >
      <ActionSettings />
    </Link>
    <Link
      onlyActiveOnIndex={false}
      style={Object {}}
      to="/hue-config"
    >
      <ActionLightbulbOutline />
    </Link>
  </glamorous.Div>
  <glamorous.Div>
    <Timer />
    <glamorous.Div
      alignItems="center"
      display="flex"
      justifyContent="center"
    >
      <Button
        className="pomodoroToggle"
        onClick={[Function]}
      />
      <Button
        text="Reset"
      />
    </glamorous.Div>
  </glamorous.Div>
</div>
`;

exports[`Pomodoro Component has correct default state 1`] = `
<div>
  <glamorous.Div
    position="absolute"
    right="0"
    top="0"
  >
    <Link
      onlyActiveOnIndex={false}
      style={Object {}}
      to="/hue-config"
    >
      <ActionSettings />
    </Link>
    <Link
      onlyActiveOnIndex={false}
      style={Object {}}
      to="/hue-config"
    >
      <ActionLightbulbOutline />
    </Link>
  </glamorous.Div>
  <glamorous.Div>
    <Timer />
    <glamorous.Div
      alignItems="center"
      display="flex"
      justifyContent="center"
    >
      <Button
        className="pomodoroToggle"
        onClick={[Function]}
      />
      <Button
        text="Reset"
      />
    </glamorous.Div>
  </glamorous.Div>
</div>
`;

exports[`Timer Component correctly returns seconds text 1`] = `
<glamorous.Div
  alignItems="center"
  className="timer-group"
  display="flex"
  justifyContent="center"
>
  <glamorous.Div
    className="face"
  >
    <glamorous.H1
      fontSize="20em"
      id="lazy"
    >
      NaN
      :
      00
    </glamorous.H1>
  </glamorous.Div>
</glamorous.Div>
`;

exports[`Timer Component has correct default state 1`] = `
<glamorous.Div
  alignItems="center"
  className="timer-group"
  display="flex"
  justifyContent="center"
>
  <glamorous.Div
    className="face"
  >
    <glamorous.H1
      fontSize="20em"
      id="lazy"
    >
      NaN
      :
      00
    </glamorous.H1>
  </glamorous.Div>
</glamorous.Div>
`;
